------------------------------------------------------------
TimeQuest Timing Analyzer Summary
------------------------------------------------------------

Type  : Slow 1100mV 85C Model Setup 'KEY[0]'
Slack : -0.182
TNS   : -0.332

Type  : Slow 1100mV 85C Model Hold 'KEY[0]'
Slack : 0.229
TNS   : 0.000

Type  : Slow 1100mV 85C Model Minimum Pulse Width 'KEY[0]'
Slack : -0.394
TNS   : -5.564

Type  : Slow 1100mV 0C Model Setup 'KEY[0]'
Slack : -0.197
TNS   : -0.395

Type  : Slow 1100mV 0C Model Hold 'KEY[0]'
Slack : 0.215
TNS   : 0.000

Type  : Slow 1100mV 0C Model Minimum Pulse Width 'KEY[0]'
Slack : -0.394
TNS   : -5.164

Type  : Fast 1100mV 85C Model Setup 'KEY[0]'
Slack : 0.296
TNS   : 0.000

Type  : Fast 1100mV 85C Model Hold 'KEY[0]'
Slack : 0.136
TNS   : 0.000

Type  : Fast 1100mV 85C Model Minimum Pulse Width 'KEY[0]'
Slack : -0.337
TNS   : -2.881

Type  : Fast 1100mV 0C Model Setup 'KEY[0]'
Slack : 0.324
TNS   : 0.000

Type  : Fast 1100mV 0C Model Hold 'KEY[0]'
Slack : 0.121
TNS   : 0.000

Type  : Fast 1100mV 0C Model Minimum Pulse Width 'KEY[0]'
Slack : -0.318
TNS   : -2.710

------------------------------------------------------------
